#-----------------------------------------------------------
# Vivado v2018.2 (64-bit)
# SW Build 2258646 on Thu Jun 14 20:03:12 MDT 2018
# IP Build 2256618 on Thu Jun 14 22:10:49 MDT 2018
# Start of session at: Sat May 13 17:52:59 2023
# Process ID: 11132
# Current directory: E:/Arm/item/robei/item/step_top
# Command line: vivado.exe -gui_launcher_event rodinguilauncherevent5672 E:\Arm\item\robei\item\step_top\step_top.xpr
# Log file: E:/Arm/item/robei/item/step_top/vivado.log
# Journal file: E:/Arm/item/robei/item/step_top\vivado.jou
#-----------------------------------------------------------
start_gui
open_project E:/Arm/item/robei/item/step_top/step_top.xpr
update_compile_order -fileset sources_1
open_hw
connect_hw_server
open_hw_target
set_property PROGRAM.FILE {E:/Arm/item/robei/item/step_top/step_top.runs/impl_1/step_top.bit} [get_hw_devices xc7z010_1]
current_hw_device [get_hw_devices xc7z010_1]
refresh_hw_device -update_hw_probes false [lindex [get_hw_devices xc7z010_1] 0]
set_property PROBES.FILE {} [get_hw_devices xc7z010_1]
set_property FULL_PROBES.FILE {} [get_hw_devices xc7z010_1]
set_property PROGRAM.FILE {E:/Arm/item/robei/item/step_top/step_top.runs/impl_1/step_top.bit} [get_hw_devices xc7z010_1]
program_hw_devices [get_hw_devices xc7z010_1]
refresh_hw_device [lindex [get_hw_devices xc7z010_1] 0]
set_property PROBES.FILE {} [get_hw_devices xc7z010_1]
set_property FULL_PROBES.FILE {} [get_hw_devices xc7z010_1]
set_property PROGRAM.FILE {E:/Arm/item/robei/item/step_top/step_top.runs/impl_1/step_top.bit} [get_hw_devices xc7z010_1]
program_hw_devices [get_hw_devices xc7z010_1]
refresh_hw_device [lindex [get_hw_devices xc7z010_1] 0]
reset_run synth_1
launch_runs impl_1 -to_step write_bitstream -jobs 8
wait_on_run impl_1
set_property PROBES.FILE {} [get_hw_devices xc7z010_1]
set_property FULL_PROBES.FILE {} [get_hw_devices xc7z010_1]
set_property PROGRAM.FILE {E:/Arm/item/robei/item/step_top/step_top.runs/impl_1/step_top.bit} [get_hw_devices xc7z010_1]
program_hw_devices [get_hw_devices xc7z010_1]
refresh_hw_device [lindex [get_hw_devices xc7z010_1] 0]
launch_simulation
source step_tb.tcl
run all
current_wave_config {Untitled 1}
add_wave {{/step_tb/u_step_top/A_step_control/stepper_step}} 
restart
run all
run all
current_wave_config {Untitled 1}
add_wave {{/step_tb/u_step_top/step_num}} 
restart
run all
current_wave_config {Untitled 1}
add_wave {{/step_tb/u_step_top/status}} 
restart
run all
current_wave_config {Untitled 1}
add_wave {{/step_tb/u_step_top/key_value}} 
restart
run all
relaunch_sim
run all
set_property PROBES.FILE {} [get_hw_devices xc7z010_1]
set_property FULL_PROBES.FILE {} [get_hw_devices xc7z010_1]
set_property PROGRAM.FILE {E:/Arm/item/robei/item/step_top/step_top.runs/impl_1/step_top.bit} [get_hw_devices xc7z010_1]
program_hw_devices [get_hw_devices xc7z010_1]
refresh_hw_device [lindex [get_hw_devices xc7z010_1] 0]
close_sim
