#-----------------------------------------------------------
# Vivado v2018.2 (64-bit)
# SW Build 2258646 on Thu Jun 14 20:03:12 MDT 2018
# IP Build 2256618 on Thu Jun 14 22:10:49 MDT 2018
# Start of session at: Tue Apr 11 16:33:14 2023
# Process ID: 24952
# Current directory: E:/Arm/item/robei/sensor
# Command line: vivado.exe -gui_launcher_event rodinguilauncherevent14972 E:\Arm\item\robei\sensor\sensor.xpr
# Log file: E:/Arm/item/robei/sensor/vivado.log
# Journal file: E:/Arm/item/robei/sensor\vivado.jou
#-----------------------------------------------------------
start_gui
open_project E:/Arm/item/robei/sensor/sensor.xpr
update_compile_order -fileset sources_1
launch_runs impl_1 -to_step write_bitstream -jobs 8
wait_on_run impl_1
open_hw
connect_hw_server
open_hw_target
set_property PROGRAM.FILE {E:/Arm/item/robei/sensor/sensor.runs/impl_1/sensor_top.bit} [get_hw_devices xc7z010_1]
set_property PROBES.FILE {E:/Arm/item/robei/sensor/sensor.runs/impl_1/sensor_top.ltx} [get_hw_devices xc7z010_1]
set_property FULL_PROBES.FILE {E:/Arm/item/robei/sensor/sensor.runs/impl_1/sensor_top.ltx} [get_hw_devices xc7z010_1]
current_hw_device [get_hw_devices xc7z010_1]
refresh_hw_device [lindex [get_hw_devices xc7z010_1] 0]
set_property PROBES.FILE {E:/Arm/item/robei/sensor/sensor.runs/impl_1/sensor_top.ltx} [get_hw_devices xc7z010_1]
set_property FULL_PROBES.FILE {E:/Arm/item/robei/sensor/sensor.runs/impl_1/sensor_top.ltx} [get_hw_devices xc7z010_1]
set_property PROGRAM.FILE {E:/Arm/item/robei/sensor/sensor.runs/impl_1/sensor_top.bit} [get_hw_devices xc7z010_1]
program_hw_devices [get_hw_devices xc7z010_1]
refresh_hw_device [lindex [get_hw_devices xc7z010_1] 0]
display_hw_ila_data [ get_hw_ila_data hw_ila_data_1 -of_objects [get_hw_ilas -of_objects [get_hw_devices xc7z010_1] -filter {CELL_NAME=~"u_us_100m/u_ila_0"}]]
update_compile_order -fileset sources_1
